J03-candidate-prefill-ma_gpu_unfolded-b8-l2048 completed
J06-candidate-decode-ma_gpu_unfolded-b8-l2048 completed
J07-candidate-prefill-ma_offload-b1-l2048 completed
J08-candidate-prefill-ma_gpu-b1-l2048 completed
J09-candidate-prefill-ma_gpu_unfolded-b1-l2048 completed
J12-candidate-decode-ma_gpu_unfolded-b1-l2048 completed
J13-candidate-prefill-ma_offload-b4-l2048 completed
J14-candidate-prefill-ma_gpu-b4-l2048 completed
J14-baseline-prefill-ma_gpu-b4-l2048 completed
J15-baseline-prefill-ma_gpu_unfolded-b4-l2048 completed
J15-candidate-prefill-ma_gpu_unfolded-b4-l2048 completed
J16-candidate-decode-ma_offload-b4-l2048 completed
J16-baseline-decode-ma_offload-b4-l2048 completed
J17-baseline-decode-ma_gpu-b4-l2048 completed
J17-candidate-decode-ma_gpu-b4-l2048 completed
J18-candidate-decode-ma_gpu_unfolded-b4-l2048 completed
J18-baseline-decode-ma_gpu_unfolded-b4-l2048 completed
J19-baseline-prefill-ma_offload-b16-l2048 completed
J19-candidate-prefill-ma_offload-b16-l2048 completed
J20-candidate-prefill-ma_gpu-b16-l2048 completed
J20-baseline-prefill-ma_gpu-b16-l2048 completed
J21-baseline-prefill-ma_gpu_unfolded-b16-l2048 completed
J21-candidate-prefill-ma_gpu_unfolded-b16-l2048 completed
J22-candidate-decode-ma_offload-b16-l2048 completed
J22-baseline-decode-ma_offload-b16-l2048 completed
J23-baseline-decode-ma_gpu-b16-l2048 completed
J23-candidate-decode-ma_gpu-b16-l2048 completed
J24-candidate-decode-ma_gpu_unfolded-b16-l2048 completed
J24-baseline-decode-ma_gpu_unfolded-b16-l2048 completed
J25-baseline-prefill-ma_offload-b8-l512 completed
J25-candidate-prefill-ma_offload-b8-l512 completed
J26-candidate-prefill-ma_gpu-b8-l512 completed
J26-baseline-prefill-ma_gpu-b8-l512 completed
J27-baseline-prefill-ma_gpu_unfolded-b8-l512 completed
J27-candidate-prefill-ma_gpu_unfolded-b8-l512 completed
J28-candidate-decode-ma_offload-b8-l512 completed
J28-baseline-decode-ma_offload-b8-l512 completed
J29-baseline-decode-ma_gpu-b8-l512 completed
J29-candidate-decode-ma_gpu-b8-l512 completed
J30-candidate-decode-ma_gpu_unfolded-b8-l512 completed
J30-baseline-decode-ma_gpu_unfolded-b8-l512 completed
J31-baseline-prefill-ma_offload-b8-l4096 completed
J31-candidate-prefill-ma_offload-b8-l4096 completed
J32-candidate-prefill-ma_gpu-b8-l4096 completed
J32-baseline-prefill-ma_gpu-b8-l4096 completed
J33-baseline-prefill-ma_gpu_unfolded-b8-l4096 completed
J33-candidate-prefill-ma_gpu_unfolded-b8-l4096 completed
J34-candidate-decode-ma_offload-b8-l4096 completed
J34-baseline-decode-ma_offload-b8-l4096 completed
J35-baseline-decode-ma_gpu-b8-l4096 completed
J35-candidate-decode-ma_gpu-b8-l4096 completed
J36-candidate-decode-ma_gpu_unfolded-b8-l4096 completed
J36-baseline-decode-ma_gpu_unfolded-b8-l4096 completed
J37-baseline-prefill-ma_offload-b8-l8192 completed
J37-candidate-prefill-ma_offload-b8-l8192 completed
J38-candidate-prefill-ma_gpu-b8-l8192 completed
J38-baseline-prefill-ma_gpu-b8-l8192 completed
J39-baseline-prefill-ma_gpu_unfolded-b8-l8192 completed
J39-candidate-prefill-ma_gpu_unfolded-b8-l8192 completed
J40-candidate-decode-ma_offload-b8-l8192 completed
J40-baseline-decode-ma_offload-b8-l8192 completed
J41-baseline-decode-ma_gpu-b8-l8192 completed
J41-candidate-decode-ma_gpu-b8-l8192 completed
J42-candidate-decode-ma_gpu_unfolded-b8-l8192 completed
J42-baseline-decode-ma_gpu_unfolded-b8-l8192 completed
J43-baseline-generation-ma_offload-b1-l2048 completed
J43-candidate-generation-ma_offload-b1-l2048 completed
J44-candidate-generation-ma_gpu-b1-l2048 completed
J44-baseline-generation-ma_gpu-b1-l2048 completed
J45-baseline-generation-ma_gpu_unfolded-b1-l2048 completed
J45-candidate-generation-ma_gpu_unfolded-b1-l2048 completed
J46-candidate-generation-ma_offload-b8-l2048 completed
J46-baseline-generation-ma_offload-b8-l2048 completed
J47-baseline-generation-ma_gpu-b8-l2048 completed
J47-candidate-generation-ma_gpu-b8-l2048 completed
J48-candidate-generation-ma_gpu_unfolded-b8-l2048 completed
J48-baseline-generation-ma_gpu_unfolded-b8-l2048 completed
